// Jest Snapshot v1, https://goo.gl/fbAQLP

exports[`ItemDetails should render correctly 1`] = `
<div>
  <section
    class="details"
  >
    <h1>
      itemName
    </h1>
    <h2
      class="exterior"
    >
      (fine condition)
    </h2>
    <img
      alt="itemName"
      data-nimg="1"
      decoding="async"
      fetchpriority="high"
      height="198"
      src="https://steamcommunity-a.akamaihd.net/economy/image/iconUrl"
      style="color: transparent;"
      width="256"
    />
    <hr
      class="separator"
    />
  </section>
</div>
`;
