// Jest Snapshot v1, https://goo.gl/fbAQLP

exports[`InventoryItem should render correctly 1`] = `
<div>
  <div
    class="item"
  >
    <div
      class="overlay"
      style="pointer-events: none; opacity: 0;"
    />
    <div
      class="link"
      data-isopen="false"
    >
      <div
        class="header"
      >
        <img
          alt="itmName"
          height="82"
          loading="lazy"
          src="https://steamcommunity-a.akamaihd.net/economy/image/icn"
          width="110"
        />
        <span
          class="describe"
        >
          itmName
        </span>
      </div>
      <span>
        2.00$
      </span>
    </div>
  </div>
</div>
`;
