// Jest Snapshot v1, https://goo.gl/fbAQLP

exports[`FeedbackForm should render correctly 1`] = `
<div>
  <h1
    class="header"
  >
    Have any thoughts or ideas? Share them with us below
  </h1>
  <form
    class="form"
    data-testid="feedback-form"
  >
    <input
      class="input"
      id="name"
      name="name"
      placeholder="Your name or e-mail"
      value=""
    />
    <textarea
      class="text"
      id="text"
      name="text"
      placeholder="Write feedback"
      rows="10"
    />
    <hr
      class="separator smallMargin"
    />
    <button
      class="button"
      type="submit"
    >
      Submit
    </button>
  </form>
</div>
`;
