// Jest Snapshot v1, https://goo.gl/fbAQLP

exports[`ResponsiveInventoryList should render correctly 1`] = `
<div>
  <section
    class="wrapper"
  >
    <ul
      class="list"
    >
      <li
        class="item"
      >
        <div
          class="link"
          data-isopen="false"
        >
          <div
            class="header"
          >
            <img
              alt="itmName"
              height="82"
              loading="lazy"
              src="https://steamcommunity-a.akamaihd.net/economy/image/icn"
              width="110"
            />
            <p
              class="describe"
            >
              itmName
            </p>
          </div>
          <span>
            2.00$
          </span>
        </div>
      </li>
    </ul>
  </section>
</div>
`;
